---
source: tests/core/spec.rs
expression: response
---
{
  "status": 200,
  "headers": {
    "content-type": "application/graphql-response+json"
  },
  "body": {
    "data": {
      "__typename": "Query"
    }
  }
}
