---
source: tests/core/spec.rs
expression: response
---
{
  "status": 400,
  "headers": {
    "content-type": "application/json"
  },
  "body": {
    "errors": [
      {
        "message": "Unexpected GraphQL Request: invalid type: boolean `false`, expected a string"
      }
    ]
  }
}
