---
source: tests/core/spec.rs
expression: response
---
{
  "status": 400,
  "headers": {
    "content-type": "application/json"
  },
  "body": {
    "errors": [
      {
        "message": "Failed to read config: Validation Error\nâ€¢  --> 1:1\n  |\n1 | \"dsjfsjdfjdsfjkdskjfjkds\"\n  | ^---\n  |\n  = expected type_system_definition\n"
      }
    ]
  }
}
