---
source: tests/core/spec.rs
expression: response
---
{
  "status": 200,
  "headers": {
    "content-type": "application/json"
  },
  "body": {
    "errors": [
      {
        "message": "internal: invalid value for scalar \"Email\", expected \"FieldValue::Value\"",
        "locations": [
          {
            "line": 1,
            "column": 3
          }
        ],
        "path": [
          "email"
        ]
      }
    ]
  }
}
