---
source: tests/execution_spec.rs
expression: response
---
{
  "status": 200,
  "headers": {
    "content-type": "application/json"
  },
  "body": {
    "data": {
      "expr_users": [
        {
          "id": 1,
          "name": "foo"
        },
        {
          "id": 2,
          "name": "bar"
        }
      ],
      "users": [
        {
          "id": 1,
          "name": "foo"
        },
        {
          "id": 2,
          "name": "bar"
        }
      ]
    }
  }
}
