---
source: tests/execution_spec.rs
expression: merged
---
type Query {
  users: [User]
}

type User {
  id: Int
  name: String
}

schema {
  query: Query
}
